Archive member included because of file (symbol)

/usr/local/CrossPack-AVR-20131216/lib/gcc/avr/4.8.1/avr5/libgcc.a(_exit.o)
                              /usr/local/CrossPack-AVR-20131216/lib/gcc/avr/4.8.1/../../../../avr/lib/avr5/crtm328p.o (exit)
/usr/local/CrossPack-AVR-20131216/lib/gcc/avr/4.8.1/avr5/libgcc.a(_copy_data.o)
                              ./imu/imu.o (__do_copy_data)
/usr/local/CrossPack-AVR-20131216/lib/gcc/avr/4.8.1/avr5/libgcc.a(_clear_bss.o)
                              ./util/clock.o (__do_clear_bss)
/usr/local/CrossPack-AVR-20131216/lib/gcc/avr/4.8.1/../../../../avr/lib/avr5/libc.a(fdevopen.o)
                              ./util/log.o (fdevopen)
/usr/local/CrossPack-AVR-20131216/lib/gcc/avr/4.8.1/../../../../avr/lib/avr5/libc.a(iob.o)
                              ./util/log.o (__iob)
/usr/local/CrossPack-AVR-20131216/lib/gcc/avr/4.8.1/../../../../avr/lib/avr5/libc.a(vfprintf_p.o)
                              ./util/log.o (vfprintf_P)
/usr/local/CrossPack-AVR-20131216/lib/gcc/avr/4.8.1/../../../../avr/lib/avr5/libc.a(vfprintf_std.o)
                              /usr/local/CrossPack-AVR-20131216/lib/gcc/avr/4.8.1/../../../../avr/lib/avr5/libc.a(vfprintf_p.o) (vfprintf)
/usr/local/CrossPack-AVR-20131216/lib/gcc/avr/4.8.1/../../../../avr/lib/avr5/libc.a(calloc.o)
                              /usr/local/CrossPack-AVR-20131216/lib/gcc/avr/4.8.1/../../../../avr/lib/avr5/libc.a(fdevopen.o) (calloc)
/usr/local/CrossPack-AVR-20131216/lib/gcc/avr/4.8.1/../../../../avr/lib/avr5/libc.a(malloc.o)
                              /usr/local/CrossPack-AVR-20131216/lib/gcc/avr/4.8.1/../../../../avr/lib/avr5/libc.a(calloc.o) (malloc)
/usr/local/CrossPack-AVR-20131216/lib/gcc/avr/4.8.1/../../../../avr/lib/avr5/libc.a(strnlen_P.o)
                              /usr/local/CrossPack-AVR-20131216/lib/gcc/avr/4.8.1/../../../../avr/lib/avr5/libc.a(vfprintf_std.o) (strnlen_P)
/usr/local/CrossPack-AVR-20131216/lib/gcc/avr/4.8.1/../../../../avr/lib/avr5/libc.a(memset.o)
                              /usr/local/CrossPack-AVR-20131216/lib/gcc/avr/4.8.1/../../../../avr/lib/avr5/libc.a(calloc.o) (memset)
/usr/local/CrossPack-AVR-20131216/lib/gcc/avr/4.8.1/../../../../avr/lib/avr5/libc.a(strnlen.o)
                              /usr/local/CrossPack-AVR-20131216/lib/gcc/avr/4.8.1/../../../../avr/lib/avr5/libc.a(vfprintf_std.o) (strnlen)
/usr/local/CrossPack-AVR-20131216/lib/gcc/avr/4.8.1/../../../../avr/lib/avr5/libc.a(fputc.o)
                              /usr/local/CrossPack-AVR-20131216/lib/gcc/avr/4.8.1/../../../../avr/lib/avr5/libc.a(vfprintf_std.o) (fputc)
/usr/local/CrossPack-AVR-20131216/lib/gcc/avr/4.8.1/../../../../avr/lib/avr5/libc.a(ultoa_invert.o)
                              /usr/local/CrossPack-AVR-20131216/lib/gcc/avr/4.8.1/../../../../avr/lib/avr5/libc.a(vfprintf_std.o) (__ultoa_invert)
/usr/local/CrossPack-AVR-20131216/lib/gcc/avr/4.8.1/avr5/libgcc.a(_prologue.o)
                              /usr/local/CrossPack-AVR-20131216/lib/gcc/avr/4.8.1/../../../../avr/lib/avr5/libc.a(vfprintf_std.o) (__prologue_saves__)
/usr/local/CrossPack-AVR-20131216/lib/gcc/avr/4.8.1/avr5/libgcc.a(_epilogue.o)
                              /usr/local/CrossPack-AVR-20131216/lib/gcc/avr/4.8.1/../../../../avr/lib/avr5/libc.a(vfprintf_std.o) (__epilogue_restores__)

Allocating common symbols
Common symbol       size              file

debug_out_cb        0x2               ./util/log.o
gy                  0x2               ./main.o
az                  0x2               ./main.o
my                  0x2               ./main.o
__brkval            0x2               /usr/local/CrossPack-AVR-20131216/lib/gcc/avr/4.8.1/../../../../avr/lib/avr5/libc.a(malloc.o)
ax                  0x2               ./main.o
debug_rx_cb         0x2               ./util/log.o
imu_buffer          0xe               ./imu/imu.o
rxBuffer            0x20              ./i2c/i2c.o
clock_millis        0x4               ./util/clock.o
txBuffer            0x20              ./i2c/i2c.o
gz                  0x2               ./main.o
mz                  0x2               ./main.o
__flp               0x2               /usr/local/CrossPack-AVR-20131216/lib/gcc/avr/4.8.1/../../../../avr/lib/avr5/libc.a(malloc.o)
gx                  0x2               ./main.o
ay                  0x2               ./main.o
__iob               0x6               /usr/local/CrossPack-AVR-20131216/lib/gcc/avr/4.8.1/../../../../avr/lib/avr5/libc.a(iob.o)
mx                  0x2               ./main.o

Memory Configuration

Name             Origin             Length             Attributes
text             0x00000000         0x00020000         xr
data             0x00800060         0x0000ffa0         rw !x
eeprom           0x00810000         0x00010000         rw !x
fuse             0x00820000         0x00000400         rw !x
lock             0x00830000         0x00000400         rw !x
signature        0x00840000         0x00000400         rw !x
user_signatures  0x00850000         0x00000400         rw !x
*default*        0x00000000         0xffffffff

Linker script and memory map

Address of section .data set to 0x800100
LOAD /usr/local/CrossPack-AVR-20131216/lib/gcc/avr/4.8.1/../../../../avr/lib/avr5/crtm328p.o
LOAD ./util/clock.o
LOAD ./util/log.o
LOAD ./imu/imu.o
LOAD ./imu/mpu6050.o
LOAD ./i2c/twi/twi.o
LOAD ./i2c/i2c.o
LOAD ./i2c/i2c_driver.o
LOAD ./main.o
START GROUP
LOAD /usr/local/CrossPack-AVR-20131216/lib/gcc/avr/4.8.1/avr5/libgcc.a
LOAD /usr/local/CrossPack-AVR-20131216/lib/gcc/avr/4.8.1/../../../../avr/lib/avr5/libm.a
LOAD /usr/local/CrossPack-AVR-20131216/lib/gcc/avr/4.8.1/../../../../avr/lib/avr5/libc.a
END GROUP

.hash
 *(.hash)

.dynsym
 *(.dynsym)

.dynstr
 *(.dynstr)

.gnu.version
 *(.gnu.version)

.gnu.version_d
 *(.gnu.version_d)

.gnu.version_r
 *(.gnu.version_r)

.rel.init
 *(.rel.init)

.rela.init
 *(.rela.init)

.rel.text
 *(.rel.text)
 *(.rel.text.*)
 *(.rel.gnu.linkonce.t*)

.rela.text
 *(.rela.text)
 *(.rela.text.*)
 *(.rela.gnu.linkonce.t*)

.rel.fini
 *(.rel.fini)

.rela.fini
 *(.rela.fini)

.rel.rodata
 *(.rel.rodata)
 *(.rel.rodata.*)
 *(.rel.gnu.linkonce.r*)

.rela.rodata
 *(.rela.rodata)
 *(.rela.rodata.*)
 *(.rela.gnu.linkonce.r*)

.rel.data
 *(.rel.data)
 *(.rel.data.*)
 *(.rel.gnu.linkonce.d*)

.rela.data
 *(.rela.data)
 *(.rela.data.*)
 *(.rela.gnu.linkonce.d*)

.rel.ctors
 *(.rel.ctors)

.rela.ctors
 *(.rela.ctors)

.rel.dtors
 *(.rel.dtors)

.rela.dtors
 *(.rela.dtors)

.rel.got
 *(.rel.got)

.rela.got
 *(.rela.got)

.rel.bss
 *(.rel.bss)

.rela.bss
 *(.rela.bss)

.rel.plt
 *(.rel.plt)

.rela.plt
 *(.rela.plt)

.text           0x00000000     0x1c66
 *(.vectors)
 .vectors       0x00000000       0x68 /usr/local/CrossPack-AVR-20131216/lib/gcc/avr/4.8.1/../../../../avr/lib/avr5/crtm328p.o
                0x00000000                __vectors
                0x00000000                __vector_default
 *(.vectors)
 *(.progmem.gcc*)
                0x00000068                . = ALIGN (0x2)
                0x00000068                __trampolines_start = .
 *(.trampolines)
 .trampolines   0x00000068        0x0 linker stubs
 *(.trampolines*)
                0x00000068                __trampolines_end = .
 *(.progmem*)
 .progmem.data.__c.2285
                0x00000068        0xe ./util/log.o
 .progmem.data.DEBUG_hex
                0x00000076       0x11 ./util/log.o
                0x00000076                DEBUG_hex
 .progmem.data._tag
                0x00000087        0x8 ./util/log.o
 .progmem.data.__c.1874
                0x0000008f        0xb ./imu/imu.o
 .progmem.data._tag
                0x0000009a        0x6 ./imu/imu.o
 .progmem.data.__c.1909
                0x000000a0       0x14 ./imu/mpu6050.o
 .progmem.data.__c.1905
                0x000000b4       0x1c ./imu/mpu6050.o
 .progmem.data.__c.1903
                0x000000d0       0x1d ./imu/mpu6050.o
 .progmem.data.__c.1897
                0x000000ed       0x25 ./imu/mpu6050.o
 .progmem.data.__c.1895
                0x00000112       0x26 ./imu/mpu6050.o
 .progmem.data.__c.1889
                0x00000138       0x24 ./imu/mpu6050.o
 .progmem.data.__c.1887
                0x0000015c       0x25 ./imu/mpu6050.o
 .progmem.data.__c.1881
                0x00000181       0x1b ./imu/mpu6050.o
 .progmem.data.__c.1879
                0x0000019c       0x1c ./imu/mpu6050.o
 .progmem.data._tag
                0x000001b8        0xa ./imu/mpu6050.o
 .progmem.data.__c.2033
                0x000001c2        0x3 ./main.o
 .progmem.data.__c.2031
                0x000001c5        0x4 ./main.o
 .progmem.data.__c.2029
                0x000001c9        0x4 ./main.o
 .progmem.data.__c.2027
                0x000001cd        0x4 ./main.o
 .progmem.data.__c.2025
                0x000001d1        0x4 ./main.o
 .progmem.data.__c.2023
                0x000001d5        0x4 ./main.o
 .progmem.data.__c.2021
                0x000001d9        0x4 ./main.o
 .progmem.data.__c.2019
                0x000001dd        0x4 ./main.o
 .progmem.data.__c.2017
                0x000001e1        0x4 ./main.o
 .progmem.data.__c.2015
                0x000001e5        0x4 ./main.o
 .progmem.data.__c.2013
                0x000001e9        0x8 ./main.o
 .progmem.data.__c.2008
                0x000001f1       0x13 ./main.o
 .progmem.data.__c.2005
                0x00000204        0xb ./main.o
 .progmem.data.__c.2003
                0x0000020f        0xb ./main.o
 .progmem.data.__c.2001
                0x0000021a       0x1c ./main.o
 .progmem.data.__c.1988
                0x00000236        0xb ./main.o
 .progmem.data._tag
                0x00000241        0x7 ./main.o
                0x00000248                . = ALIGN (0x2)
 *(.jumptables)
 *(.jumptables*)
 *(.lowtext)
 *(.lowtext*)
                0x00000248                __ctors_start = .
 *(.ctors)
                0x00000248                __ctors_end = .
                0x00000248                __dtors_start = .
 *(.dtors)
                0x00000248                __dtors_end = .
 SORT(*)(.ctors)
 SORT(*)(.dtors)
 *(.init0)
 .init0         0x00000248        0x0 /usr/local/CrossPack-AVR-20131216/lib/gcc/avr/4.8.1/../../../../avr/lib/avr5/crtm328p.o
                0x00000248                __init
 *(.init0)
 *(.init1)
 *(.init1)
 *(.init2)
 .init2         0x00000248        0xc /usr/local/CrossPack-AVR-20131216/lib/gcc/avr/4.8.1/../../../../avr/lib/avr5/crtm328p.o
 *(.init2)
 *(.init3)
 *(.init3)
 *(.init4)
 .init4         0x00000254       0x16 /usr/local/CrossPack-AVR-20131216/lib/gcc/avr/4.8.1/avr5/libgcc.a(_copy_data.o)
                0x00000254                __do_copy_data
 .init4         0x0000026a       0x10 /usr/local/CrossPack-AVR-20131216/lib/gcc/avr/4.8.1/avr5/libgcc.a(_clear_bss.o)
                0x0000026a                __do_clear_bss
 *(.init4)
 *(.init5)
 *(.init5)
 *(.init6)
 *(.init6)
 *(.init7)
 *(.init7)
 *(.init8)
 *(.init8)
 *(.init9)
 .init9         0x0000027a        0x8 /usr/local/CrossPack-AVR-20131216/lib/gcc/avr/4.8.1/../../../../avr/lib/avr5/crtm328p.o
 *(.init9)
 *(.text)
 .text          0x00000282        0x4 /usr/local/CrossPack-AVR-20131216/lib/gcc/avr/4.8.1/../../../../avr/lib/avr5/crtm328p.o
                0x00000282                __vector_20
                0x00000282                __vector_1
                0x00000282                __vector_12
                0x00000282                __bad_interrupt
                0x00000282                __vector_6
                0x00000282                __vector_3
                0x00000282                __vector_23
                0x00000282                __vector_25
                0x00000282                __vector_11
                0x00000282                __vector_13
                0x00000282                __vector_17
                0x00000282                __vector_19
                0x00000282                __vector_7
                0x00000282                __vector_5
                0x00000282                __vector_4
                0x00000282                __vector_9
                0x00000282                __vector_2
                0x00000282                __vector_21
                0x00000282                __vector_15
                0x00000282                __vector_8
                0x00000282                __vector_10
                0x00000282                __vector_16
                0x00000282                __vector_22
 .text          0x00000286        0x0 ./util/clock.o
 .text          0x00000286        0x0 ./util/log.o
 .text          0x00000286        0x0 ./imu/imu.o
 .text          0x00000286        0x0 ./imu/mpu6050.o
 .text          0x00000286        0x0 ./i2c/twi/twi.o
 .text          0x00000286        0x0 ./i2c/i2c.o
 .text          0x00000286        0x0 ./i2c/i2c_driver.o
 .text          0x00000286        0x0 ./main.o
 .text          0x00000286        0x0 /usr/local/CrossPack-AVR-20131216/lib/gcc/avr/4.8.1/avr5/libgcc.a(_exit.o)
 .text          0x00000286        0x0 /usr/local/CrossPack-AVR-20131216/lib/gcc/avr/4.8.1/avr5/libgcc.a(_copy_data.o)
 .text          0x00000286        0x0 /usr/local/CrossPack-AVR-20131216/lib/gcc/avr/4.8.1/avr5/libgcc.a(_clear_bss.o)
 .text          0x00000286        0x0 /usr/local/CrossPack-AVR-20131216/lib/gcc/avr/4.8.1/../../../../avr/lib/avr5/libc.a(fdevopen.o)
 .text          0x00000286        0x0 /usr/local/CrossPack-AVR-20131216/lib/gcc/avr/4.8.1/../../../../avr/lib/avr5/libc.a(iob.o)
 .text          0x00000286        0x0 /usr/local/CrossPack-AVR-20131216/lib/gcc/avr/4.8.1/../../../../avr/lib/avr5/libc.a(vfprintf_p.o)
 .text          0x00000286        0x0 /usr/local/CrossPack-AVR-20131216/lib/gcc/avr/4.8.1/../../../../avr/lib/avr5/libc.a(vfprintf_std.o)
 .text          0x00000286        0x0 /usr/local/CrossPack-AVR-20131216/lib/gcc/avr/4.8.1/../../../../avr/lib/avr5/libc.a(calloc.o)
 .text          0x00000286        0x0 /usr/local/CrossPack-AVR-20131216/lib/gcc/avr/4.8.1/../../../../avr/lib/avr5/libc.a(malloc.o)
 .text          0x00000286        0x0 /usr/local/CrossPack-AVR-20131216/lib/gcc/avr/4.8.1/../../../../avr/lib/avr5/libc.a(strnlen_P.o)
 .text          0x00000286        0x0 /usr/local/CrossPack-AVR-20131216/lib/gcc/avr/4.8.1/../../../../avr/lib/avr5/libc.a(memset.o)
 .text          0x00000286        0x0 /usr/local/CrossPack-AVR-20131216/lib/gcc/avr/4.8.1/../../../../avr/lib/avr5/libc.a(strnlen.o)
 .text          0x00000286        0x0 /usr/local/CrossPack-AVR-20131216/lib/gcc/avr/4.8.1/../../../../avr/lib/avr5/libc.a(fputc.o)
 .text          0x00000286        0x0 /usr/local/CrossPack-AVR-20131216/lib/gcc/avr/4.8.1/../../../../avr/lib/avr5/libc.a(ultoa_invert.o)
 .text          0x00000286        0x0 /usr/local/CrossPack-AVR-20131216/lib/gcc/avr/4.8.1/avr5/libgcc.a(_prologue.o)
 .text          0x00000286        0x0 /usr/local/CrossPack-AVR-20131216/lib/gcc/avr/4.8.1/avr5/libgcc.a(_epilogue.o)
                0x00000286                . = ALIGN (0x2)
 *(.text.*)
 .text.clock_init
                0x00000286       0x18 ./util/clock.o
                0x00000286                clock_init
 .text.clock_time
                0x0000029e       0x12 ./util/clock.o
                0x0000029e                clock_time
 .text.delay_millis
                0x000002b0       0x3c ./util/clock.o
                0x000002b0                delay_millis
 .text.__vector_14
                0x000002ec       0x4a ./util/clock.o
                0x000002ec                __vector_14
 .text.isr_tick
                0x00000336       0x28 ./util/clock.o
                0x00000336                isr_tick
 .text._debug_init
                0x0000035e       0x38 ./util/log.o
                0x0000035e                _debug_init
 .text.__vector_18
                0x00000396       0x56 ./util/log.o
                0x00000396                __vector_18
 .text._debug_set_rx_cb
                0x000003ec        0xa ./util/log.o
                0x000003ec                _debug_set_rx_cb
 .text._debug_set_out_cb
                0x000003f6        0xa ./util/log.o
                0x000003f6                _debug_set_out_cb
 .text._debug_stringz
                0x00000400       0x18 ./util/log.o
                0x00000400                _debug_stringz
 .text._debug_byte
                0x00000418        0xe ./util/log.o
                0x00000418                _debug_byte
 .text._debug_putch
                0x00000426       0x20 ./util/log.o
                0x00000426                _debug_putch
 .text._debug_byte_as_hex
                0x00000446       0x34 ./util/log.o
                0x00000446                _debug_byte_as_hex
 .text._debug_hex_dump
                0x0000047a       0x34 ./util/log.o
                0x0000047a                _debug_hex_dump
 .text._debug_log
                0x000004ae       0x24 ./util/log.o
                0x000004ae                _debug_log
 .text.debug_test
                0x000004d2       0x70 ./util/log.o
                0x000004d2                debug_test
 .text.imu_init
                0x00000542       0x20 ./imu/imu.o
                0x00000542                imu_init
 .text.imu_test
                0x00000562        0x4 ./imu/imu.o
                0x00000562                imu_test
 .text.imu_read6
                0x00000566       0x16 ./imu/imu.o
                0x00000566                imu_read6
 .text.imu_read9
                0x0000057c       0x3a ./imu/imu.o
                0x0000057c                imu_read9
 .text.set_clock_source
                0x000005b6       0x3c ./imu/mpu6050.o
                0x000005b6                set_clock_source
 .text.set_full_scale_gyro_range
                0x000005f2       0x3c ./imu/mpu6050.o
                0x000005f2                set_full_scale_gyro_range
 .text.set_full_scale_accel_range
                0x0000062e       0x3c ./imu/mpu6050.o
                0x0000062e                set_full_scale_accel_range
 .text.set_sleep_enabled
                0x0000066a       0x36 ./imu/mpu6050.o
                0x0000066a                set_sleep_enabled
 .text.mpu6050_init
                0x000006a0       0x18 ./imu/mpu6050.o
                0x000006a0                mpu6050_init
 .text.get_device_id
                0x000006b8       0x5e ./imu/mpu6050.o
                0x000006b8                get_device_id
 .text.mpu6050_test
                0x00000716       0x10 ./imu/mpu6050.o
                0x00000716                mpu6050_test
 .text.imu_getmotion6
                0x00000726       0xda ./imu/mpu6050.o
                0x00000726                imu_getmotion6
 .text.imu_getmotion9
                0x00000800       0xbc ./imu/mpu6050.o
                0x00000800                imu_getmotion9
 .text.twi_init
                0x000008bc       0x2c ./i2c/twi/twi.o
                0x000008bc                twi_init
 .text.twi_setAddress
                0x000008e8        0x8 ./i2c/twi/twi.o
                0x000008e8                twi_setAddress
 .text.twi_readFrom
                0x000008f0       0x88 ./i2c/twi/twi.o
                0x000008f0                twi_readFrom
 .text.twi_writeTo
                0x00000978       0xa6 ./i2c/twi/twi.o
                0x00000978                twi_writeTo
 .text.twi_transmit
                0x00000a1e       0x32 ./i2c/twi/twi.o
                0x00000a1e                twi_transmit
 .text.twi_attachSlaveRxEvent
                0x00000a50        0xa ./i2c/twi/twi.o
                0x00000a50                twi_attachSlaveRxEvent
 .text.twi_attachSlaveTxEvent
                0x00000a5a        0xa ./i2c/twi/twi.o
                0x00000a5a                twi_attachSlaveTxEvent
 .text.twi_reply
                0x00000a64       0x10 ./i2c/twi/twi.o
                0x00000a64                twi_reply
 .text.twi_stop
                0x00000a74       0x14 ./i2c/twi/twi.o
                0x00000a74                twi_stop
 .text.twi_releaseBus
                0x00000a88        0xc ./i2c/twi/twi.o
                0x00000a88                twi_releaseBus
 .text.__vector_24
                0x00000a94      0x25a ./i2c/twi/twi.o
                0x00000a94                __vector_24
 .text.i2c_begin
                0x00000cee       0x14 ./i2c/i2c.o
                0x00000cee                i2c_begin
 .text.i2c_begin_address
                0x00000d02        0x8 ./i2c/i2c.o
                0x00000d02                i2c_begin_address
 .text.i2c_begin_transmission
                0x00000d0a       0x14 ./i2c/i2c.o
                0x00000d0a                i2c_begin_transmission
 .text.i2c_request_from
                0x00000d1e       0x1c ./i2c/i2c.o
                0x00000d1e                i2c_request_from
 .text.i2c_end_transmission
                0x00000d3a       0x26 ./i2c/i2c.o
                0x00000d3a                i2c_end_transmission
 .text.i2c_write_byte
                0x00000d60       0x54 ./i2c/i2c.o
                0x00000d60                i2c_write_byte
 .text.i2c_write
                0x00000db4       0x40 ./i2c/i2c.o
                0x00000db4                i2c_write
 .text.i2c_available
                0x00000df4        0xc ./i2c/i2c.o
                0x00000df4                i2c_available
 .text.i2c_read
                0x00000e00       0x22 ./i2c/i2c.o
                0x00000e00                i2c_read
 .text.i2c_peek
                0x00000e22       0x1a ./i2c/i2c.o
                0x00000e22                i2c_peek
 .text.readBytes
                0x00000e3c       0xbc ./i2c/i2c_driver.o
                0x00000e3c                readBytes
 .text.readByte
                0x00000ef8       0x14 ./i2c/i2c_driver.o
                0x00000ef8                readByte
 .text.writeBytes
                0x00000f0c       0x68 ./i2c/i2c_driver.o
                0x00000f0c                writeBytes
 .text.writeByte
                0x00000f74       0x20 ./i2c/i2c_driver.o
                0x00000f74                writeByte
 .text.writeBit
                0x00000f94       0x66 ./i2c/i2c_driver.o
                0x00000f94                writeBit
 .text.writeBits
                0x00000ffa       0x8c ./i2c/i2c_driver.o
                0x00000ffa                writeBits
 .text.readBit  0x00001086       0x4a ./i2c/i2c_driver.o
                0x00001086                readBit
 .text.readBits
                0x000010d0       0x7a ./i2c/i2c_driver.o
                0x000010d0                readBits
 .text.terminal_in_cb
                0x0000114a       0x2a ./main.o
                0x0000114a                terminal_in_cb
 .text.read_imu
                0x00001174      0x1bc ./main.o
                0x00001174                read_imu
 .text.startup.main
                0x00001330       0x8a ./main.o
                0x00001330                main
 .text.i2c_template
                0x000013ba        0x2 ./main.o
                0x000013ba                i2c_template
 .text.libgcc.mul
                0x000013bc        0x0 /usr/local/CrossPack-AVR-20131216/lib/gcc/avr/4.8.1/avr5/libgcc.a(_exit.o)
 .text.libgcc.div
                0x000013bc        0x0 /usr/local/CrossPack-AVR-20131216/lib/gcc/avr/4.8.1/avr5/libgcc.a(_exit.o)
 .text.libgcc   0x000013bc        0x0 /usr/local/CrossPack-AVR-20131216/lib/gcc/avr/4.8.1/avr5/libgcc.a(_exit.o)
 .text.libgcc.prologue
                0x000013bc        0x0 /usr/local/CrossPack-AVR-20131216/lib/gcc/avr/4.8.1/avr5/libgcc.a(_exit.o)
 .text.libgcc.builtins
                0x000013bc        0x0 /usr/local/CrossPack-AVR-20131216/lib/gcc/avr/4.8.1/avr5/libgcc.a(_exit.o)
 .text.libgcc.fmul
                0x000013bc        0x0 /usr/local/CrossPack-AVR-20131216/lib/gcc/avr/4.8.1/avr5/libgcc.a(_exit.o)
 .text.libgcc.fixed
                0x000013bc        0x0 /usr/local/CrossPack-AVR-20131216/lib/gcc/avr/4.8.1/avr5/libgcc.a(_exit.o)
 .text.libgcc.mul
                0x000013bc        0x0 /usr/local/CrossPack-AVR-20131216/lib/gcc/avr/4.8.1/avr5/libgcc.a(_copy_data.o)
 .text.libgcc.div
                0x000013bc        0x0 /usr/local/CrossPack-AVR-20131216/lib/gcc/avr/4.8.1/avr5/libgcc.a(_copy_data.o)
 .text.libgcc   0x000013bc        0x0 /usr/local/CrossPack-AVR-20131216/lib/gcc/avr/4.8.1/avr5/libgcc.a(_copy_data.o)
 .text.libgcc.prologue
                0x000013bc        0x0 /usr/local/CrossPack-AVR-20131216/lib/gcc/avr/4.8.1/avr5/libgcc.a(_copy_data.o)
 .text.libgcc.builtins
                0x000013bc        0x0 /usr/local/CrossPack-AVR-20131216/lib/gcc/avr/4.8.1/avr5/libgcc.a(_copy_data.o)
 .text.libgcc.fmul
                0x000013bc        0x0 /usr/local/CrossPack-AVR-20131216/lib/gcc/avr/4.8.1/avr5/libgcc.a(_copy_data.o)
 .text.libgcc.fixed
                0x000013bc        0x0 /usr/local/CrossPack-AVR-20131216/lib/gcc/avr/4.8.1/avr5/libgcc.a(_copy_data.o)
 .text.libgcc.mul
                0x000013bc        0x0 /usr/local/CrossPack-AVR-20131216/lib/gcc/avr/4.8.1/avr5/libgcc.a(_clear_bss.o)
 .text.libgcc.div
                0x000013bc        0x0 /usr/local/CrossPack-AVR-20131216/lib/gcc/avr/4.8.1/avr5/libgcc.a(_clear_bss.o)
 .text.libgcc   0x000013bc        0x0 /usr/local/CrossPack-AVR-20131216/lib/gcc/avr/4.8.1/avr5/libgcc.a(_clear_bss.o)
 .text.libgcc.prologue
                0x000013bc        0x0 /usr/local/CrossPack-AVR-20131216/lib/gcc/avr/4.8.1/avr5/libgcc.a(_clear_bss.o)
 .text.libgcc.builtins
                0x000013bc        0x0 /usr/local/CrossPack-AVR-20131216/lib/gcc/avr/4.8.1/avr5/libgcc.a(_clear_bss.o)
 .text.libgcc.fmul
                0x000013bc        0x0 /usr/local/CrossPack-AVR-20131216/lib/gcc/avr/4.8.1/avr5/libgcc.a(_clear_bss.o)
 .text.libgcc.fixed
                0x000013bc        0x0 /usr/local/CrossPack-AVR-20131216/lib/gcc/avr/4.8.1/avr5/libgcc.a(_clear_bss.o)
 .text.avr-libc
                0x000013bc       0x96 /usr/local/CrossPack-AVR-20131216/lib/gcc/avr/4.8.1/../../../../avr/lib/avr5/libc.a(fdevopen.o)
                0x000013bc                fdevopen
 .text.avr-libc
                0x00001452       0x1e /usr/local/CrossPack-AVR-20131216/lib/gcc/avr/4.8.1/../../../../avr/lib/avr5/libc.a(vfprintf_p.o)
                0x00001452                vfprintf_P
 .text.avr-libc
                0x00001470      0x3a4 /usr/local/CrossPack-AVR-20131216/lib/gcc/avr/4.8.1/../../../../avr/lib/avr5/libc.a(vfprintf_std.o)
                0x00001470                vfprintf
 .text.avr-libc
                0x00001814       0x38 /usr/local/CrossPack-AVR-20131216/lib/gcc/avr/4.8.1/../../../../avr/lib/avr5/libc.a(calloc.o)
                0x00001814                calloc
 .text.avr-libc
                0x0000184c      0x24e /usr/local/CrossPack-AVR-20131216/lib/gcc/avr/4.8.1/../../../../avr/lib/avr5/libc.a(malloc.o)
                0x0000184c                malloc
                0x0000197c                free
 .text.avr-libc
                0x00001a9a       0x16 /usr/local/CrossPack-AVR-20131216/lib/gcc/avr/4.8.1/../../../../avr/lib/avr5/libc.a(strnlen_P.o)
                0x00001a9a                strnlen_P
 .text.avr-libc
                0x00001ab0        0xe /usr/local/CrossPack-AVR-20131216/lib/gcc/avr/4.8.1/../../../../avr/lib/avr5/libc.a(memset.o)
                0x00001ab0                memset
 .text.avr-libc
                0x00001abe       0x16 /usr/local/CrossPack-AVR-20131216/lib/gcc/avr/4.8.1/../../../../avr/lib/avr5/libc.a(strnlen.o)
                0x00001abe                strnlen
 .text.avr-libc
                0x00001ad4       0x64 /usr/local/CrossPack-AVR-20131216/lib/gcc/avr/4.8.1/../../../../avr/lib/avr5/libc.a(fputc.o)
                0x00001ad4                fputc
 .text.avr-libc
                0x00001b38       0xbc /usr/local/CrossPack-AVR-20131216/lib/gcc/avr/4.8.1/../../../../avr/lib/avr5/libc.a(ultoa_invert.o)
                0x00001b38                __ultoa_invert
 .text.libgcc.mul
                0x00001bf4        0x0 /usr/local/CrossPack-AVR-20131216/lib/gcc/avr/4.8.1/avr5/libgcc.a(_prologue.o)
 .text.libgcc.div
                0x00001bf4        0x0 /usr/local/CrossPack-AVR-20131216/lib/gcc/avr/4.8.1/avr5/libgcc.a(_prologue.o)
 .text.libgcc   0x00001bf4        0x0 /usr/local/CrossPack-AVR-20131216/lib/gcc/avr/4.8.1/avr5/libgcc.a(_prologue.o)
 .text.libgcc.prologue
                0x00001bf4       0x38 /usr/local/CrossPack-AVR-20131216/lib/gcc/avr/4.8.1/avr5/libgcc.a(_prologue.o)
                0x00001bf4                __prologue_saves__
 .text.libgcc.builtins
                0x00001c2c        0x0 /usr/local/CrossPack-AVR-20131216/lib/gcc/avr/4.8.1/avr5/libgcc.a(_prologue.o)
 .text.libgcc.fmul
                0x00001c2c        0x0 /usr/local/CrossPack-AVR-20131216/lib/gcc/avr/4.8.1/avr5/libgcc.a(_prologue.o)
 .text.libgcc.fixed
                0x00001c2c        0x0 /usr/local/CrossPack-AVR-20131216/lib/gcc/avr/4.8.1/avr5/libgcc.a(_prologue.o)
 .text.libgcc.mul
                0x00001c2c        0x0 /usr/local/CrossPack-AVR-20131216/lib/gcc/avr/4.8.1/avr5/libgcc.a(_epilogue.o)
 .text.libgcc.div
                0x00001c2c        0x0 /usr/local/CrossPack-AVR-20131216/lib/gcc/avr/4.8.1/avr5/libgcc.a(_epilogue.o)
 .text.libgcc   0x00001c2c        0x0 /usr/local/CrossPack-AVR-20131216/lib/gcc/avr/4.8.1/avr5/libgcc.a(_epilogue.o)
 .text.libgcc.prologue
                0x00001c2c       0x36 /usr/local/CrossPack-AVR-20131216/lib/gcc/avr/4.8.1/avr5/libgcc.a(_epilogue.o)
                0x00001c2c                __epilogue_restores__
 .text.libgcc.builtins
                0x00001c62        0x0 /usr/local/CrossPack-AVR-20131216/lib/gcc/avr/4.8.1/avr5/libgcc.a(_epilogue.o)
 .text.libgcc.fmul
                0x00001c62        0x0 /usr/local/CrossPack-AVR-20131216/lib/gcc/avr/4.8.1/avr5/libgcc.a(_epilogue.o)
 .text.libgcc.fixed
                0x00001c62        0x0 /usr/local/CrossPack-AVR-20131216/lib/gcc/avr/4.8.1/avr5/libgcc.a(_epilogue.o)
                0x00001c62                . = ALIGN (0x2)
 *(.fini9)
 .fini9         0x00001c62        0x0 /usr/local/CrossPack-AVR-20131216/lib/gcc/avr/4.8.1/avr5/libgcc.a(_exit.o)
                0x00001c62                exit
                0x00001c62                _exit
 *(.fini9)
 *(.fini8)
 *(.fini8)
 *(.fini7)
 *(.fini7)
 *(.fini6)
 *(.fini6)
 *(.fini5)
 *(.fini5)
 *(.fini4)
 *(.fini4)
 *(.fini3)
 *(.fini3)
 *(.fini2)
 *(.fini2)
 *(.fini1)
 *(.fini1)
 *(.fini0)
 .fini0         0x00001c62        0x4 /usr/local/CrossPack-AVR-20131216/lib/gcc/avr/4.8.1/avr5/libgcc.a(_exit.o)
 *(.fini0)
                0x00001c66                _etext = .

.data           0x00800100        0xa load address 0x00001c66
                0x00800100                PROVIDE (__data_start, .)
 *(.data)
 .data          0x00800100        0x0 /usr/local/CrossPack-AVR-20131216/lib/gcc/avr/4.8.1/../../../../avr/lib/avr5/crtm328p.o
 .data          0x00800100        0x0 ./util/clock.o
 .data          0x00800100        0x0 ./util/log.o
 .data          0x00800100        0x0 ./imu/imu.o
 .data          0x00800100        0x0 ./imu/mpu6050.o
 .data          0x00800100        0x0 ./i2c/twi/twi.o
 .data          0x00800100        0x0 ./i2c/i2c.o
 .data          0x00800100        0x0 ./i2c/i2c_driver.o
 .data          0x00800100        0x0 ./main.o
 .data          0x00800100        0x0 /usr/local/CrossPack-AVR-20131216/lib/gcc/avr/4.8.1/avr5/libgcc.a(_exit.o)
 .data          0x00800100        0x0 /usr/local/CrossPack-AVR-20131216/lib/gcc/avr/4.8.1/avr5/libgcc.a(_copy_data.o)
 .data          0x00800100        0x0 /usr/local/CrossPack-AVR-20131216/lib/gcc/avr/4.8.1/avr5/libgcc.a(_clear_bss.o)
 .data          0x00800100        0x0 /usr/local/CrossPack-AVR-20131216/lib/gcc/avr/4.8.1/../../../../avr/lib/avr5/libc.a(fdevopen.o)
 .data          0x00800100        0x0 /usr/local/CrossPack-AVR-20131216/lib/gcc/avr/4.8.1/../../../../avr/lib/avr5/libc.a(iob.o)
 .data          0x00800100        0x0 /usr/local/CrossPack-AVR-20131216/lib/gcc/avr/4.8.1/../../../../avr/lib/avr5/libc.a(vfprintf_p.o)
 .data          0x00800100        0x0 /usr/local/CrossPack-AVR-20131216/lib/gcc/avr/4.8.1/../../../../avr/lib/avr5/libc.a(vfprintf_std.o)
 .data          0x00800100        0x0 /usr/local/CrossPack-AVR-20131216/lib/gcc/avr/4.8.1/../../../../avr/lib/avr5/libc.a(calloc.o)
 .data          0x00800100        0x6 /usr/local/CrossPack-AVR-20131216/lib/gcc/avr/4.8.1/../../../../avr/lib/avr5/libc.a(malloc.o)
                0x00800100                __malloc_heap_end
                0x00800102                __malloc_heap_start
                0x00800104                __malloc_margin
 .data          0x00800106        0x0 /usr/local/CrossPack-AVR-20131216/lib/gcc/avr/4.8.1/../../../../avr/lib/avr5/libc.a(strnlen_P.o)
 .data          0x00800106        0x0 /usr/local/CrossPack-AVR-20131216/lib/gcc/avr/4.8.1/../../../../avr/lib/avr5/libc.a(memset.o)
 .data          0x00800106        0x0 /usr/local/CrossPack-AVR-20131216/lib/gcc/avr/4.8.1/../../../../avr/lib/avr5/libc.a(strnlen.o)
 .data          0x00800106        0x0 /usr/local/CrossPack-AVR-20131216/lib/gcc/avr/4.8.1/../../../../avr/lib/avr5/libc.a(fputc.o)
 .data          0x00800106        0x0 /usr/local/CrossPack-AVR-20131216/lib/gcc/avr/4.8.1/../../../../avr/lib/avr5/libc.a(ultoa_invert.o)
 .data          0x00800106        0x0 /usr/local/CrossPack-AVR-20131216/lib/gcc/avr/4.8.1/avr5/libgcc.a(_prologue.o)
 .data          0x00800106        0x0 /usr/local/CrossPack-AVR-20131216/lib/gcc/avr/4.8.1/avr5/libgcc.a(_epilogue.o)
 *(.data*)
 .data.imu_address
                0x00800106        0x1 ./imu/imu.o
                0x00800106                imu_address
 .data.readTimeout
                0x00800107        0x2 ./i2c/i2c_driver.o
                0x00800107                readTimeout
 *(.rodata)
 *(.rodata*)
 *(.gnu.linkonce.d*)
                0x0080010a                . = ALIGN (0x2)
 *fill*         0x00800109        0x1 
                0x0080010a                _edata = .
                0x0080010a                PROVIDE (__data_end, .)

.bss            0x0080010a       0xe7
                0x0080010a                PROVIDE (__bss_start, .)
 *(.bss)
 .bss           0x0080010a        0x0 /usr/local/CrossPack-AVR-20131216/lib/gcc/avr/4.8.1/../../../../avr/lib/avr5/crtm328p.o
 .bss           0x0080010a        0x0 ./util/clock.o
 .bss           0x0080010a        0x0 ./util/log.o
 .bss           0x0080010a        0x0 ./imu/imu.o
 .bss           0x0080010a        0x0 ./imu/mpu6050.o
 .bss           0x0080010a        0x0 ./i2c/twi/twi.o
 .bss           0x0080010a        0x0 ./i2c/i2c.o
 .bss           0x0080010a        0x0 ./i2c/i2c_driver.o
 .bss           0x0080010a        0x0 ./main.o
 .bss           0x0080010a        0x0 /usr/local/CrossPack-AVR-20131216/lib/gcc/avr/4.8.1/avr5/libgcc.a(_exit.o)
 .bss           0x0080010a        0x0 /usr/local/CrossPack-AVR-20131216/lib/gcc/avr/4.8.1/avr5/libgcc.a(_copy_data.o)
 .bss           0x0080010a        0x0 /usr/local/CrossPack-AVR-20131216/lib/gcc/avr/4.8.1/avr5/libgcc.a(_clear_bss.o)
 .bss           0x0080010a        0x0 /usr/local/CrossPack-AVR-20131216/lib/gcc/avr/4.8.1/../../../../avr/lib/avr5/libc.a(fdevopen.o)
 .bss           0x0080010a        0x0 /usr/local/CrossPack-AVR-20131216/lib/gcc/avr/4.8.1/../../../../avr/lib/avr5/libc.a(iob.o)
 .bss           0x0080010a        0x0 /usr/local/CrossPack-AVR-20131216/lib/gcc/avr/4.8.1/../../../../avr/lib/avr5/libc.a(vfprintf_p.o)
 .bss           0x0080010a        0x0 /usr/local/CrossPack-AVR-20131216/lib/gcc/avr/4.8.1/../../../../avr/lib/avr5/libc.a(vfprintf_std.o)
 .bss           0x0080010a        0x0 /usr/local/CrossPack-AVR-20131216/lib/gcc/avr/4.8.1/../../../../avr/lib/avr5/libc.a(calloc.o)
 .bss           0x0080010a        0x0 /usr/local/CrossPack-AVR-20131216/lib/gcc/avr/4.8.1/../../../../avr/lib/avr5/libc.a(malloc.o)
 .bss           0x0080010a        0x0 /usr/local/CrossPack-AVR-20131216/lib/gcc/avr/4.8.1/../../../../avr/lib/avr5/libc.a(strnlen_P.o)
 .bss           0x0080010a        0x0 /usr/local/CrossPack-AVR-20131216/lib/gcc/avr/4.8.1/../../../../avr/lib/avr5/libc.a(memset.o)
 .bss           0x0080010a        0x0 /usr/local/CrossPack-AVR-20131216/lib/gcc/avr/4.8.1/../../../../avr/lib/avr5/libc.a(strnlen.o)
 .bss           0x0080010a        0x0 /usr/local/CrossPack-AVR-20131216/lib/gcc/avr/4.8.1/../../../../avr/lib/avr5/libc.a(fputc.o)
 .bss           0x0080010a        0x0 /usr/local/CrossPack-AVR-20131216/lib/gcc/avr/4.8.1/../../../../avr/lib/avr5/libc.a(ultoa_invert.o)
 .bss           0x0080010a        0x0 /usr/local/CrossPack-AVR-20131216/lib/gcc/avr/4.8.1/avr5/libgcc.a(_prologue.o)
 .bss           0x0080010a        0x0 /usr/local/CrossPack-AVR-20131216/lib/gcc/avr/4.8.1/avr5/libgcc.a(_epilogue.o)
 *(.bss*)
 .bss.twi_error
                0x0080010a        0x1 ./i2c/twi/twi.o
 .bss.twi_rxBufferIndex
                0x0080010b        0x1 ./i2c/twi/twi.o
 .bss.twi_rxBuffer
                0x0080010c       0x20 ./i2c/twi/twi.o
 .bss.twi_txBufferLength
                0x0080012c        0x1 ./i2c/twi/twi.o
 .bss.twi_txBufferIndex
                0x0080012d        0x1 ./i2c/twi/twi.o
 .bss.twi_txBuffer
                0x0080012e       0x20 ./i2c/twi/twi.o
 .bss.twi_masterBufferLength
                0x0080014e        0x1 ./i2c/twi/twi.o
 .bss.twi_masterBufferIndex
                0x0080014f        0x1 ./i2c/twi/twi.o
 .bss.twi_masterBuffer
                0x00800150       0x20 ./i2c/twi/twi.o
 .bss.twi_onSlaveReceive
                0x00800170        0x2 ./i2c/twi/twi.o
 .bss.twi_onSlaveTransmit
                0x00800172        0x2 ./i2c/twi/twi.o
 .bss.twi_inRepStart
                0x00800174        0x1 ./i2c/twi/twi.o
 .bss.twi_sendStop
                0x00800175        0x1 ./i2c/twi/twi.o
 .bss.twi_slarw
                0x00800176        0x1 ./i2c/twi/twi.o
 .bss.twi_state
                0x00800177        0x1 ./i2c/twi/twi.o
 .bss.transmitting
                0x00800178        0x1 ./i2c/i2c.o
                0x00800178                transmitting
 .bss.txBufferLength
                0x00800179        0x1 ./i2c/i2c.o
                0x00800179                txBufferLength
 .bss.txBufferIndex
                0x0080017a        0x1 ./i2c/i2c.o
                0x0080017a                txBufferIndex
 .bss.txAddress
                0x0080017b        0x1 ./i2c/i2c.o
                0x0080017b                txAddress
 .bss.rxBufferLength
                0x0080017c        0x1 ./i2c/i2c.o
                0x0080017c                rxBufferLength
 .bss.rxBufferIndex
                0x0080017d        0x1 ./i2c/i2c.o
                0x0080017d                rxBufferIndex
 .bss.term_in   0x0080017e        0x1 ./main.o
                0x0080017e                term_in
 *(COMMON)
 COMMON         0x0080017f        0x4 ./util/clock.o
                0x0080017f                clock_millis
 COMMON         0x00800183        0x4 ./util/log.o
                0x00800183                debug_out_cb
                0x00800185                debug_rx_cb
 COMMON         0x00800187        0xe ./imu/imu.o
                0x00800187                imu_buffer
 COMMON         0x00800195       0x40 ./i2c/i2c.o
                0x00800195                rxBuffer
                0x008001b5                txBuffer
 COMMON         0x008001d5       0x12 ./main.o
                0x008001d5                gy
                0x008001d7                az
                0x008001d9                my
                0x008001db                ax
                0x008001dd                gz
                0x008001df                mz
                0x008001e1                gx
                0x008001e3                ay
                0x008001e5                mx
 COMMON         0x008001e7        0x6 /usr/local/CrossPack-AVR-20131216/lib/gcc/avr/4.8.1/../../../../avr/lib/avr5/libc.a(iob.o)
                0x008001e7                __iob
 COMMON         0x008001ed        0x4 /usr/local/CrossPack-AVR-20131216/lib/gcc/avr/4.8.1/../../../../avr/lib/avr5/libc.a(malloc.o)
                0x008001ed                __brkval
                0x008001ef                __flp
                0x008001f1                PROVIDE (__bss_end, .)
                0x00001c66                __data_load_start = LOADADDR (.data)
                0x00001c70                __data_load_end = (__data_load_start + SIZEOF (.data))

.noinit         0x008001f1        0x0
                0x008001f1                PROVIDE (__noinit_start, .)
 *(.noinit*)
                0x008001f1                PROVIDE (__noinit_end, .)
                0x008001f1                _end = .
                0x008001f1                PROVIDE (__heap_start, .)

.eeprom         0x00810000        0x0
 *(.eeprom*)
                0x00810000                __eeprom_end = .

.fuse
 *(.fuse)
 *(.lfuse)
 *(.hfuse)
 *(.efuse)

.lock
 *(.lock*)

.signature
 *(.signature*)

.user_signatures
 *(.user_signatures*)

.stab
 *(.stab)

.stabstr
 *(.stabstr)

.stab.excl
 *(.stab.excl)

.stab.exclstr
 *(.stab.exclstr)

.stab.index
 *(.stab.index)

.stab.indexstr
 *(.stab.indexstr)

.comment        0x00000000       0x11
 *(.comment)
 .comment       0x00000000       0x11 ./util/clock.o
                                 0x12 (size before relaxing)
 .comment       0x00000000       0x12 ./util/log.o
 .comment       0x00000000       0x12 ./imu/imu.o
 .comment       0x00000000       0x12 ./imu/mpu6050.o
 .comment       0x00000000       0x12 ./i2c/twi/twi.o
 .comment       0x00000000       0x12 ./i2c/i2c.o
 .comment       0x00000000       0x12 ./i2c/i2c_driver.o
 .comment       0x00000000       0x12 ./main.o
 .comment       0x00000000       0x12 /usr/local/CrossPack-AVR-20131216/lib/gcc/avr/4.8.1/../../../../avr/lib/avr5/libc.a(fdevopen.o)
 .comment       0x00000000       0x12 /usr/local/CrossPack-AVR-20131216/lib/gcc/avr/4.8.1/../../../../avr/lib/avr5/libc.a(iob.o)
 .comment       0x00000000       0x12 /usr/local/CrossPack-AVR-20131216/lib/gcc/avr/4.8.1/../../../../avr/lib/avr5/libc.a(vfprintf_p.o)
 .comment       0x00000000       0x12 /usr/local/CrossPack-AVR-20131216/lib/gcc/avr/4.8.1/../../../../avr/lib/avr5/libc.a(vfprintf_std.o)
 .comment       0x00000000       0x12 /usr/local/CrossPack-AVR-20131216/lib/gcc/avr/4.8.1/../../../../avr/lib/avr5/libc.a(calloc.o)
 .comment       0x00000000       0x12 /usr/local/CrossPack-AVR-20131216/lib/gcc/avr/4.8.1/../../../../avr/lib/avr5/libc.a(malloc.o)
 .comment       0x00000000       0x12 /usr/local/CrossPack-AVR-20131216/lib/gcc/avr/4.8.1/../../../../avr/lib/avr5/libc.a(fputc.o)

.debug
 *(.debug)

.line
 *(.line)

.debug_srcinfo
 *(.debug_srcinfo)

.debug_sfnames
 *(.debug_sfnames)

.debug_aranges  0x00000000       0xa0
 *(.debug_aranges)
 .debug_aranges
                0x00000000       0x20 /usr/local/CrossPack-AVR-20131216/lib/gcc/avr/4.8.1/avr5/libgcc.a(_exit.o)
 .debug_aranges
                0x00000020       0x20 /usr/local/CrossPack-AVR-20131216/lib/gcc/avr/4.8.1/avr5/libgcc.a(_copy_data.o)
 .debug_aranges
                0x00000040       0x20 /usr/local/CrossPack-AVR-20131216/lib/gcc/avr/4.8.1/avr5/libgcc.a(_clear_bss.o)
 .debug_aranges
                0x00000060       0x20 /usr/local/CrossPack-AVR-20131216/lib/gcc/avr/4.8.1/avr5/libgcc.a(_prologue.o)
 .debug_aranges
                0x00000080       0x20 /usr/local/CrossPack-AVR-20131216/lib/gcc/avr/4.8.1/avr5/libgcc.a(_epilogue.o)

.debug_pubnames
 *(.debug_pubnames)

.debug_info     0x00000000      0x3b6
 *(.debug_info)
 .debug_info    0x00000000       0xbe /usr/local/CrossPack-AVR-20131216/lib/gcc/avr/4.8.1/avr5/libgcc.a(_exit.o)
 .debug_info    0x000000be       0xbe /usr/local/CrossPack-AVR-20131216/lib/gcc/avr/4.8.1/avr5/libgcc.a(_copy_data.o)
 .debug_info    0x0000017c       0xbe /usr/local/CrossPack-AVR-20131216/lib/gcc/avr/4.8.1/avr5/libgcc.a(_clear_bss.o)
 .debug_info    0x0000023a       0xbe /usr/local/CrossPack-AVR-20131216/lib/gcc/avr/4.8.1/avr5/libgcc.a(_prologue.o)
 .debug_info    0x000002f8       0xbe /usr/local/CrossPack-AVR-20131216/lib/gcc/avr/4.8.1/avr5/libgcc.a(_epilogue.o)
 *(.gnu.linkonce.wi.*)

.debug_abbrev   0x00000000       0x64
 *(.debug_abbrev)
 .debug_abbrev  0x00000000       0x14 /usr/local/CrossPack-AVR-20131216/lib/gcc/avr/4.8.1/avr5/libgcc.a(_exit.o)
 .debug_abbrev  0x00000014       0x14 /usr/local/CrossPack-AVR-20131216/lib/gcc/avr/4.8.1/avr5/libgcc.a(_copy_data.o)
 .debug_abbrev  0x00000028       0x14 /usr/local/CrossPack-AVR-20131216/lib/gcc/avr/4.8.1/avr5/libgcc.a(_clear_bss.o)
 .debug_abbrev  0x0000003c       0x14 /usr/local/CrossPack-AVR-20131216/lib/gcc/avr/4.8.1/avr5/libgcc.a(_prologue.o)
 .debug_abbrev  0x00000050       0x14 /usr/local/CrossPack-AVR-20131216/lib/gcc/avr/4.8.1/avr5/libgcc.a(_epilogue.o)

.debug_line     0x00000000      0x1fe
 *(.debug_line)
 .debug_line    0x00000000       0x58 /usr/local/CrossPack-AVR-20131216/lib/gcc/avr/4.8.1/avr5/libgcc.a(_exit.o)
 .debug_line    0x00000058       0x61 /usr/local/CrossPack-AVR-20131216/lib/gcc/avr/4.8.1/avr5/libgcc.a(_copy_data.o)
 .debug_line    0x000000b9       0x5e /usr/local/CrossPack-AVR-20131216/lib/gcc/avr/4.8.1/avr5/libgcc.a(_clear_bss.o)
 .debug_line    0x00000117       0x74 /usr/local/CrossPack-AVR-20131216/lib/gcc/avr/4.8.1/avr5/libgcc.a(_prologue.o)
 .debug_line    0x0000018b       0x73 /usr/local/CrossPack-AVR-20131216/lib/gcc/avr/4.8.1/avr5/libgcc.a(_epilogue.o)

.debug_frame
 *(.debug_frame)

.debug_str
 *(.debug_str)

.debug_loc
 *(.debug_loc)

.debug_macinfo
 *(.debug_macinfo)

.debug_pubtypes
 *(.debug_pubtypes)

.debug_ranges
 *(.debug_ranges)

.debug_macro
 *(.debug_macro)
OUTPUT(spike_328p_i2c.elf elf32-avr)
LOAD linker stubs
